// 重构日志: 1a811d89
// 重构日志: dfa75986
// 重构日志: 0cf3028b
// 同步 ID: 19cdad01 @ Sat Jul 11 07:20:12 UTC 2026
// 重构日志: 9d3170d7
// 重构日志: 2dd92aa9
// 重构日志: c6ca5531
// 重构日志: 32c24fce
// 重构日志: 2a5cbe3e
// 重构日志: c4897dd4
// 重构日志: e28f65ef
// 同步 ID: 9b6f794f @ Sun Jul 19 16:21:53 UTC 2026
// 同步 ID: 2b04c9bc @ Tue Jul 21 13:10:12 UTC 2026
// 重构日志: 856616c4
// 重构日志: b2c4a533
// 重构日志: 77f14194
// 重构日志: 6d5eb4b9
// 重构日志: 72d31da7
// 重构日志: c304c2cd
// 重构日志: 19fed710
// 同步 ID: 544a923a @ Tue Jul 28 08:57:15 UTC 2026
// 重构日志: 348266e5
// 同步 ID: 52c1f023 @ Sun Aug  2 14:44:54 UTC 2026
// 同步 ID: 2d2d8cd0 @ Sun Aug  2 18:16:04 UTC 2026
// 同步 ID: 545f9d17 @ Sun Aug  2 19:44:59 UTC 2026
// 重构日志: 79a4411a
// 同步 ID: e944a8b6 @ Tue Aug  4 07:00:04 UTC 2026
// 同步 ID: dc63253a @ Tue Aug  4 12:34:45 UTC 2026
// 同步 ID: e475da49 @ Wed Aug  5 10:20:47 UTC 2026
// 重构日志: 74be6117
// 重构日志: 0f2ff8b5
// 重构日志: 3400ec4b
